5f88 app_context::start_logger  476 ---- 2026/08/16 23:10:00.918 -------------------------------------------------
5f88 app_context::start_logger  479 Host process is 'cmd.exe' (pid 24456)
5f88 app_context::start_logger  483 DLL path is 'C:\Configz\cmder\vendor\clink'
5f88 app_context::start_logger  498 Windows version 10.0.26200 (x64)
5f88 app_context::start_logger  500 Clink version 1.6.14.93b83f (x64)
5f88 hook_setter::hook_setter  159 >>> Started hook transaction.
5f88 hook_setter::attach_iat   316 Attempting to hook SetEnvironmentVariableW in IAT for module 00007FF758620000.
5f88 pe_info::iterate_imports  195 Found import in 'api-ms-win-core-processenvironment-l1-1-0.dll'
5f88 find_iat                  124 Found import at 00007FF75865BE70 (value is 00007FF9A581D370).
5f88 hook_setter::attach_iat   316 Attempting to hook SetEnvironmentStringsW in IAT for module 00007FF758620000.
5f88 pe_info::iterate_imports  195 Found import in 'api-ms-win-core-processenvironment-l1-1-0.dll'
5f88 find_iat                  124 Found import at 00007FF75865BE78 (value is 00007FF9A5830D40).
5f88 hook_setter::attach_iat   316 Attempting to hook WriteConsoleW in IAT for module 00007FF758620000.
5f88 pe_info::iterate_imports  195 Found import in 'api-ms-win-core-console-l1-1-0.dll'
5f88 find_iat                  124 Found import at 00007FF75865BAB8 (value is 00007FF9A5817C60).
5f88 hook_setter::attach_iat   316 Attempting to hook GetEnvironmentVariableW in IAT for module 00007FF758620000.
5f88 pe_info::iterate_imports  195 Found import in 'api-ms-win-core-processenvironment-l1-1-0.dll'
5f88 find_iat                  124 Found import at 00007FF75865BE50 (value is 00007FF9A57FE260).
5f88 hook_setter::commit       207 <<< Hook transaction committed.
5f88 hook_setter::hook_setter  159 >>> Started hook transaction.
5f88 hook_setter::detach_iat   359 Attempting to unhook 00007FF9237C5200 from GetEnvironmentVariableW in IAT for module 00007FF758620000.
5f88 pe_info::iterate_imports  195 Found import in 'api-ms-win-core-processenvironment-l1-1-0.dll'
5f88 find_iat                  124 Found import at 00007FF75865BE50 (value is 00007FF9237C5200).
5f88 hook_setter::commit       207 <<< Hook transaction committed.
5f88 hook_setter::hook_setter  159 >>> Started hook transaction.
5f88 hook_setter::attach_iat   316 Attempting to hook ReadConsoleW in IAT for module 00007FF758620000.
5f88 pe_info::iterate_imports  195 Found import in 'api-ms-win-core-console-l1-1-0.dll'
5f88 find_iat                  124 Found import at 00007FF75865BAC8 (value is 00007FF9A57FF360).
5f88 hook_setter::commit       207 <<< Hook transaction committed.
5f88 hook_setter::hook_setter  159 >>> Started hook transaction.
5f88 hook_setter::attach_iat   316 Attempting to hook SetConsoleTitleW in IAT for module 00007FF758620000.
5f88 pe_info::iterate_imports  195 Found import in 'api-ms-win-core-console-l2-2-0.dll'
5f88 find_iat                  124 Found import at 00007FF75865BB30 (value is 00007FF9A580EBF0).
5f88 hook_setter::commit       207 <<< Hook transaction committed.
5f88 win_screen_buffer::begin  366 Using native terminal support (auto mode found 'ConEmuHk64.dll').
5f88 reset_handle              144 resetting mismatched stdin handle
5f88 reset_handle              144 resetting mismatched stdout handle
5f88 reset_handle              144 resetting mismatched stderr handle
5f88 reset_handle              144 resetting mismatched stdout handle
5f88 reset_handle              144 resetting mismatched stderr handle
5f88 host_lua::load_scripts    192 Loaded 2 Lua scripts in 851 ms
5f88 @~clink~/app/update.lua   370 Clink updater: too soon to check for updates (1786713392 vs 1786911004).
5f88 history_db::initialise   1321 master bank ctag: |CTAG_1786713388_151643531_20316_0
5f88 history_db::compact      1599 History:  0 active, 0 deleted
